Chellah@Chellah-PC MINGW64 ~
$ mkdir learn

Chellah@Chellah-PC MINGW64 ~
$ cd

Chellah@Chellah-PC MINGW64 ~
$ cd learn/

Chellah@Chellah-PC MINGW64 ~/learn
$ git init
Initialized empty Git repository in C:/Users/Chellah/learn/.git/
bash: /mingw64/bin/git: Device or resource busy

Chellah@Chellah-PC MINGW64 ~/learn (master)
$ touch index.html

Chellah@Chellah-PC MINGW64 ~/learn (master)
$ ls
index.html

Chellah@Chellah-PC MINGW64 ~/learn (master)
$ tree
bash: tree: command not found

Chellah@Chellah-PC MINGW64 ~/learn (master)
$ git status
starting fsmonitor-daemon in 'C:/Users/Chellah/learn'
On branch master

No commits yet

Untracked files:
  (use "git add <file>..." to include in what will be committed)
        index.html

nothing added to commit but untracked files present (use "git add" to track)

Chellah@Chellah-PC MINGW64 ~/learn (master)
$ git add .

Chellah@Chellah-PC MINGW64 ~/learn (master)
$ git status
On branch master

No commits yet

Changes to be committed:
  (use "git rm --cached <file>..." to unstage)
        new file:   index.html


Chellah@Chellah-PC MINGW64 ~/learn (master)
$ git commit -m "created an index.html"
Author identity unknown

*** Please tell me who you are.

Run

  git config --global user.email "you@example.com"
  git config --global user.name "Your Name"

to set your account's default identity.
Omit --global to set the identity only in this repository.

fatal: unable to auto-detect email address (got 'Chellah@Chellah-PC.(none)')

Chellah@Chellah-PC MINGW64 ~/learn (master)
$ ^C

Chellah@Chellah-PC MINGW64 ~/learn (master)
$ git config --global user.email "you@example.com"

Chellah@Chellah-PC MINGW64 ~/learn (master)
$ git config --global user.email "chellahmusonda@gmail.com"

Chellah@Chellah-PC MINGW64 ~/learn (master)
$ git config --global user.name "Chellah"

Chellah@Chellah-PC MINGW64 ~/learn (master)
$ git commit -m "created an index.html"
[master (root-commit) c1cdaf5] created an index.html
 1 file changed, 1 insertion(+)
 create mode 100644 index.html

Chellah@Chellah-PC MINGW64 ~/learn (master)
$ git log
commit c1cdaf553b89cadac481919592e5ab18c5cf9687 (HEAD -> master)
Author: Chellah <chellahmusonda@gmail.com>
Date:   Sun Sep 19 16:50:57 2021 +0200

    created an index.html

Chellah@Chellah-PC MINGW64 ~/learn (master)
$ git status
On branch master
Changes not staged for commit:
  (use "git add <file>..." to update what will be committed)
  (use "git restore <file>..." to discard changes in working directory)
        modified:   index.html

no changes added to commit (use "git add" and/or "git commit -a")

Chellah@Chellah-PC MINGW64 ~/learn (master)
$ git diff
diff --git a/index.html b/index.html
index cfdeb9f..724f9cb 100644
--- a/index.html
+++ b/index.html
@@ -1 +1,3 @@
-<h1> learning git</h1>
\ No newline at end of file
+<h1> learning git</h1>
+<h2>am at home</h2>
+<label>i have a new car</label>
\ No newline at end of file

Chellah@Chellah-PC MINGW64 ~/learn (master)
$ git add .

Chellah@Chellah-PC MINGW64 ~/learn (master)
$ git commit -m "added h2 and label"
[master 21b44ef] added h2 and label
 1 file changed, 3 insertions(+), 1 deletion(-)

Chellah@Chellah-PC MINGW64 ~/learn (master)
$ git checkout -b add_new_page
Switched to a new branch 'add_new_page'

Chellah@Chellah-PC MINGW64 ~/learn (add_new_page)
$ touch about.html

Chellah@Chellah-PC MINGW64 ~/learn (add_new_page)
$ git status
On branch add_new_page
Untracked files:
  (use "git add <file>..." to include in what will be committed)
        about.html

nothing added to commit but untracked files present (use "git add" to track)

Chellah@Chellah-PC MINGW64 ~/learn (add_new_page)
$ git status
On branch add_new_page
Changes not staged for commit:
  (use "git add <file>..." to update what will be committed)
  (use "git restore <file>..." to discard changes in working directory)
        modified:   index.html

Untracked files:
  (use "git add <file>..." to include in what will be committed)
        about.html

no changes added to commit (use "git add" and/or "git commit -a")

Chellah@Chellah-PC MINGW64 ~/learn (add_new_page)
$ git add .

Chellah@Chellah-PC MINGW64 ~/learn (add_new_page)
$ git commit -m "added the about page"
[add_new_page 267f9f8] added the about page
 2 files changed, 4 insertions(+), 1 deletion(-)
 create mode 100644 about.html

Chellah@Chellah-PC MINGW64 ~/learn (add_new_page)
$ git checkout master
Switched to branch 'master'

Chellah@Chellah-PC MINGW64 ~/learn (master)
$ git checkout add_new_page
Switched to branch 'add_new_page'

Chellah@Chellah-PC MINGW64 ~/learn (add_new_page)
$ git checkout master
Switched to branch 'master'

Chellah@Chellah-PC MINGW64 ~/learn (master)
$ git merge add_new_page
Updating 21b44ef..267f9f8
Fast-forward
 about.html | 3 +++
 index.html | 2 +-
 2 files changed, 4 insertions(+), 1 deletion(-)
 create mode 100644 about.html

Chellah@Chellah-PC MINGW64 ~/learn (master)
$ git status
On branch master
Changes not staged for commit:
  (use "git add <file>..." to update what will be committed)
  (use "git restore <file>..." to discard changes in working directory)
        modified:   index.html

no changes added to commit (use "git add" and/or "git commit -a")

Chellah@Chellah-PC MINGW64 ~/learn (master)
$ git diff
diff --git a/index.html b/index.html
index 169e7d3..e38a096 100644
--- a/index.html
+++ b/index.html
@@ -1,3 +1,3 @@
 <h1> learning git</h1>
-<h2>am at home.</h2>
+<h2>am at home. cgdfg</h2>
 <label>i have a new car</label>
\ No newline at end of file

Chellah@Chellah-PC MINGW64 ~/learn (master)
$ git stash
Saved working directory and index state WIP on master: 267f9f8 added the about page

Chellah@Chellah-PC MINGW64 ~/learn (master)
$ git stash pop
On branch master
Changes not staged for commit:
  (use "git add <file>..." to update what will be committed)
  (use "git restore <file>..." to discard changes in working directory)
        modified:   index.html

no changes added to commit (use "git add" and/or "git commit -a")
Dropped refs/stash@{0} (5476675f8bdf1ccd905d26e606292ee2d87e2fea)

Chellah@Chellah-PC MINGW64 ~/learn (master)
$ git remote add origin https://github.com/Chellah/new_project.git

Chellah@Chellah-PC MINGW64 ~/learn (master)
$ git branch -M main

Chellah@Chellah-PC MINGW64 ~/learn (main)
$ git push -u origin main
info: please complete authentication in your browser...
Enumerating objects: 10, done.
Counting objects: 100% (10/10), done.
Delta compression using up to 4 threads
Compressing objects: 100% (7/7), done.
Writing objects: 100% (10/10), 951 bytes | 135.00 KiB/s, done.
Total 10 (delta 0), reused 0 (delta 0), pack-reused 0
To https://github.com/Chellah/new_project.git
 * [new branch]      main -> main
Branch 'main' set up to track remote branch 'main' from 'origin'.

Chellah@Chellah-PC MINGW64 ~/learn (main)
$
